// Jest Snapshot v1, https://goo.gl/fbAQLP

exports[`renders 1`] = `
<div
  className="main-section"
>
  <img
    alt="profile"
    className="profile-photo material z-depth-1"
    src="profile-2017-web@800.jpg"
  />
  <div
    className="main-title"
  >
    Kevin Cooper
  </div>
  <div
    className="main-subtitle"
  >
    Improv comedy. Social justice. Ethical technology. Software consultant.
  </div>
</div>
`;
