// Jest Snapshot v1, https://goo.gl/fbAQLP

exports[`renders 1`] = `
<li
  className="social-link-item"
>
  <a
    className="social-link-anchor"
    href="url"
  >
    icon
    hoverIcon
  </a>
</li>
`;
