// Jest Snapshot v1, https://goo.gl/fbAQLP

exports[`renders 1`] = `
<div
  className="visitor-counter"
>
  Token: N/A
</div>
`;
