// Jest Snapshot v1, https://goo.gl/fbAQLP

exports[`renders 1`] = `
<div
  className="App"
>
  <div
    className="main-header"
  >
    <img
      alt="profile"
      className="profile-photo"
      src="profile-2017-web@800.jpg"
    />
    <div
      className="main-title"
    >
      Kevin Cooper
    </div>
    <div
      className="main-subtitle"
    >
      Software Engineer
    </div>
  </div>
  <ul
    className="social-links"
  />
  <div
    className="visitor-counter"
  >
    Token: N/A
  </div>
</div>
`;
